// Jest Snapshot v1, https://goo.gl/fbAQLP

exports[`Form Test snapshot test form component 1`] = `
<div>
  <form>
    <div>
      <label
        for="title"
      >
        Título
      </label>
      <input
        id="title"
        name="title"
        placeholder="Adicione um título"
        required=""
        type="text"
        value=""
      />
    </div>
    <div>
      <label
        for="description"
      >
        Descrição
      </label>
      <input
        id="description"
        name="description"
        placeholder="Adicione uma descrição"
        type="text"
        value=""
      />
    </div>
    <button
      class="button undefined"
      type="submit"
    >
      Enviar
    </button>
  </form>
</div>
`;
